Microchip MPLAB XC8 Compiler V1.41 ()

Linker command line:

-W-3 --edf=C:\Program Files (x86)\Microchip\xc8\v1.41\dat\en_msgs.txt -cs \
  -h+dist/default/production\brx.X.production.sym \
  --cmf=dist/default/production\brx.X.production.cmf -z -Q12LF1840 \
  -oC:\Users\MATTHE~1\AppData\Local\Temp\s25g.2 \
  -Mdist/default/production/brx.X.production.map -E1 -ver=XC8 \
  -ASTACK=02046h-020efh -pstack=STACK -ACODE=00h-07FFhx2 \
  -ASTRCODE=00h-0FFFh -ASTRING=00h-0FFhx16 -ACONST=00h-0FFhx16 \
  -AENTRY=00h-0FFhx16 -ACOMMON=070h-07Fh -ABANK0=020h-06Fh \
  -ABANK1=0A0h-0EFh -ABANK2=0120h-016Fh -ABIGRAM=02000h-020EFh \
  -ARAM=020h-06Fh,0A0h-0EFh,0120h-016Fh \
  -AABS1=020h-07Fh,0A0h-0EFh,0120h-016Fh -ASFR0=00h-01Fh -ASFR1=080h-09Fh \
  -ASFR2=0100h-011Fh -ASFR3=0180h-01EFh -ASFR4=0200h-026Fh \
  -ASFR5=0280h-02EFh -ASFR6=0300h-036Fh -ASFR7=0380h-03EFh \
  -ASFR8=0400h-046Fh -ASFR9=0480h-04EFh -ASFR10=0500h-056Fh \
  -ASFR11=0580h-05EFh -ASFR12=0600h-066Fh -ASFR13=0680h-06EFh \
  -ASFR14=0700h-076Fh -ASFR15=0780h-07EFh -ASFR16=0800h-086Fh \
  -ASFR17=0880h-08EFh -ASFR18=0900h-096Fh -ASFR19=0980h-09EFh \
  -ASFR20=0A00h-0A6Fh -ASFR21=0A80h-0AEFh -ASFR22=0B00h-0B6Fh \
  -ASFR23=0B80h-0BEFh -ASFR24=0C00h-0C6Fh -ASFR25=0C80h-0CEFh \
  -ASFR26=0D00h-0D6Fh -ASFR27=0D80h-0DEFh -ASFR28=0E00h-0E6Fh \
  -ASFR29=0E80h-0EEFh -ASFR30=0F00h-0F6Fh -ASFR31=0F80h-0FEFh \
  -preset_vec=00h,intentry=04h,init,end_init -ppowerup=CODE -pcinit=CODE \
  -pfunctab=CODE -ACONFIG=08007h-08008h -pconfig=CONFIG -DCONFIG=2 \
  -AIDLOC=08000h-08003h -pidloc=IDLOC -DIDLOC=2 -AEEDATA=00h-0FFh/0F000h \
  -peeprom_data=EEDATA -DEEDATA=2 -DCODE=2 -DSTRCODE=2 -DSTRING=2 -DCONST=2 \
  -DENTRY=2 -k C:\Users\MATTHE~1\AppData\Local\Temp\s25g.obj \
  dist/default/production\brx.X.production.obj 

Object code version is 3.11

Machine type is 12LF1840



                Name                               Link     Load   Length Selector   Space Scale
C:\Users\MATTHE~1\AppData\Local\Temp\s25g.obj
                end_init                             19       19        2        8       0
                reset_vec                             0        0        2        0       0
                config                             8007     8007        2    1000E       0
dist/default/production\brx.X.production.obj
                cinit                                1B       1B       18        8       0
                intentry                              4        4       15        8       0
                text20                              388      388        D      28A       0
                text19                              358      358       12      28A       0
                text18                              395      395        C      28A       0
                text17                              331      331       14      28A       0
                text16                              1DE      1DE       39      28A       0
                text15                              3B5      3B5        5      28A       0
                text14                              2CA      2CA       1D      28A       0
                text13                              345      345       13      28A       0
                text12                              19B      19B       43      28A       0
                text11                              2AC      2AC       1E      28A       0
                text10                              379      379        F      28A       0
                text9                               31A      31A       17      28A       0
                text8                               3BA      3BA        1      28A       0
                text7                               28C      28C       20      28A       0
                text6                               145      145       56      28A       0
                text5                               302      302       18      28A       0
                text4                               217      217       2A      28A       0
                text3                               2E7      2E7       1B      28A       0
                text2                               36A      36A        F      28A       0
                text1                               269      269       23      28A       0
                maintext                            241      241       28      28A       0
                cstackBANK0                          4B       4B       13       20       1
                cstackCOMMON                         70       70        C       70       1
                clrtext                             3AF      3AF        6      28A       0
                inittext                            3A9      3A9        6      28A       0
                dataBANK0                            5E       5E        8       20       1
                bssBANK0                             20       20       2B       20       1
                bssCOMMON                            7C       7C        1       70       1
                stringtext                           33       33      112       66       0
                idataBANK0                          3A1      3A1        8      28A       0

TOTAL           Name                               Link     Load   Length     Space
        CLASS   STACK          

        CLASS   CODE           
                end_init                             19       19        2         0
                cinit                                1B       1B       18         0
                intentry                              4        4       15         0
                reset_vec                             0        0        2         0
                text20                              388      388        D         0
                text19                              358      358       12         0
                text18                              395      395        C         0
                text17                              331      331       14         0
                text16                              1DE      1DE       39         0
                text15                              3B5      3B5        5         0
                text14                              2CA      2CA       1D         0
                text13                              345      345       13         0
                text12                              19B      19B       43         0
                text11                              2AC      2AC       1E         0
                text10                              379      379        F         0
                text9                               31A      31A       17         0
                text8                               3BA      3BA        1         0
                text7                               28C      28C       20         0
                text6                               145      145       56         0
                text5                               302      302       18         0
                text4                               217      217       2A         0
                text3                               2E7      2E7       1B         0
                text2                               36A      36A        F         0
                text1                               269      269       23         0
                maintext                            241      241       28         0
                clrtext                             3AF      3AF        6         0
                inittext                            3A9      3A9        6         0
                idataBANK0                          3A1      3A1        8         0

        CLASS   STRCODE        
                stringtext                           33       33      112         0

        CLASS   STRING         

        CLASS   CONST          

        CLASS   ENTRY          

        CLASS   COMMON         
                cstackCOMMON                         70       70        C         1
                bssCOMMON                            7C       7C        1         1

        CLASS   BANK0          
                cstackBANK0                          4B       4B       13         1
                dataBANK0                            5E       5E        8         1
                bssBANK0                             20       20       2B         1

        CLASS   BANK1          

        CLASS   BANK2          

        CLASS   BIGRAM         

        CLASS   RAM            

        CLASS   ABS1           
                abs_s1                               7E       7E        2         1

        CLASS   SFR0           

        CLASS   SFR1           

        CLASS   SFR2           

        CLASS   SFR3           

        CLASS   SFR4           

        CLASS   SFR5           

        CLASS   SFR6           

        CLASS   SFR7           

        CLASS   SFR8           

        CLASS   SFR9           

        CLASS   SFR10          

        CLASS   SFR11          

        CLASS   SFR12          

        CLASS   SFR13          

        CLASS   SFR14          

        CLASS   SFR15          

        CLASS   SFR16          

        CLASS   SFR17          

        CLASS   SFR18          

        CLASS   SFR19          

        CLASS   SFR20          

        CLASS   SFR21          

        CLASS   SFR22          

        CLASS   SFR23          

        CLASS   SFR24          

        CLASS   SFR25          

        CLASS   SFR26          

        CLASS   SFR27          

        CLASS   SFR28          

        CLASS   SFR29          

        CLASS   SFR30          

        CLASS   SFR31          

        CLASS   CONFIG         
                config                             8007     8007        2         0

        CLASS   IDLOC          

        CLASS   EEDATA         

        CLASS   BANK31         

        CLASS   BANK30         

        CLASS   BANK29         

        CLASS   BANK28         

        CLASS   BANK27         

        CLASS   BANK26         

        CLASS   BANK25         

        CLASS   BANK24         

        CLASS   BANK23         

        CLASS   BANK22         

        CLASS   BANK21         

        CLASS   BANK20         

        CLASS   BANK19         

        CLASS   BANK18         

        CLASS   BANK17         

        CLASS   BANK16         

        CLASS   BANK15         

        CLASS   BANK14         

        CLASS   BANK13         

        CLASS   BANK12         

        CLASS   BANK11         

        CLASS   BANK10         

        CLASS   BANK9          

        CLASS   BANK8          

        CLASS   BANK7          

        CLASS   BANK6          

        CLASS   BANK5          

        CLASS   BANK4          

        CLASS   BANK3          



SEGMENTS        Name                           Load    Length   Top    Selector   Space  Class     Delta

                reset_vec                      000000  000002  000002         0       0  CODE        2
                intentry                       000004  00002F  000033         8       0  CODE        2
                bssBANK0                       000020  000046  000066        20       1  BANK0       1
                stringtext                     000033  000112  000145        66       0  STRCODE     2
                cstackCOMMON                   000070  00000D  00007D        70       1  COMMON      1
                text6                          000145  000276  0003BB       28A       0  CODE        2
                config                         008007  000002  008009     1000E       0  CONFIG      2


UNUSED ADDRESS RANGES

        Name                Unused          Largest block    Delta
        BANK0            00066-0006F               A           1
        BANK1            000A0-000EF              50           1
        BANK2            00120-0016F              50           1
        BIGRAM           02000-020EF              F0           1
        CODE             00002-00003               2           2
                         003BB-00FFF             445
        COMMON           0007D-0007D               1           1
        CONST            00002-00003               2           2
                         003BB-00FFF             100
        EEDATA           0F000-0F0FF             100           2
        ENTRY            00002-00003               2           2
                         003BB-00FFF             100
        IDLOC            08000-08003               4           2
        RAM              00066-0006F               A           1
                         000A0-000EF              50
                         00120-0016F              50
        SFR0             00000-0001F              20           1
        SFR1             00080-0009F              20           1
        SFR10            00500-0056F              70           1
        SFR11            00580-005EF              70           1
        SFR12            00600-0066F              70           1
        SFR13            00680-006EF              70           1
        SFR14            00700-0076F              70           1
        SFR15            00780-007EF              70           1
        SFR16            00800-0086F              70           1
        SFR17            00880-008EF              70           1
        SFR18            00900-0096F              70           1
        SFR19            00980-009EF              70           1
        SFR2             00100-0011F              20           1
        SFR20            00A00-00A6F              70           1
        SFR21            00A80-00AEF              70           1
        SFR22            00B00-00B6F              70           1
        SFR23            00B80-00BEF              70           1
        SFR24            00C00-00C6F              70           1
        SFR25            00C80-00CEF              70           1
        SFR26            00D00-00D6F              70           1
        SFR27            00D80-00DEF              70           1
        SFR28            00E00-00E6F              70           1
        SFR29            00E80-00EEF              70           1
        SFR3             00180-001EF              70           1
        SFR30            00F00-00F6F              70           1
        SFR31            00F80-00FEF              70           1
        SFR4             00200-0026F              70           1
        SFR5             00280-002EF              70           1
        SFR6             00300-0036F              70           1
        SFR7             00380-003EF              70           1
        SFR8             00400-0046F              70           1
        SFR9             00480-004EF              70           1
        STACK            02046-020EF              AA           1
        STRCODE          00002-00003               2           2
                         003BB-00FFF             C45
        STRING           00002-00003               2           2
                         003BB-00FFF             100

                                  Symbol Table

Radio_PowerUp@wDelay                    cstackBANK0  0004D
Radio_StartRX@channel                   cstackBANK0  0005A
SPI_ReadByte@data                       cstackCOMMON 00072
SPI_ReadBytes@data                      cstackCOMMON 00073
SPI_ReadBytes@len                       cstackCOMMON 00075
SPI_WriteByte@data                      cstackCOMMON 00072
SPI_WriteBytes@data                     cstackCOMMON 00073
SPI_WriteBytes@len                      cstackCOMMON 00075
_CKE                                    (abs)        010A6
_CKP                                    (abs)        010AC
_GIE                                    (abs)        0005F
_OPTION_REG                             (abs)        00095
_RA0                                    (abs)        00060
_RA3                                    (abs)        00063
_RA5                                    (abs)        00065
_RadioConfiguration                     dataBANK0    0005F
_RadioPacket                            bssBANK0     00044
_Radio_CheckReceived                    text9        0031A
_Radio_Configuration_Data_Array         stringtext   00033
_Radio_Init                             text5        00302
_Radio_PowerUp                          text7        0028C
_Radio_StartRX                          text3        002E7
_SDOSEL                                 (abs)        008EE
_SMP                                    (abs)        010A7
_SPI_Init                               text2        0036A
_SPI_ReadByte                           text18       00395
_SPI_ReadBytes                          text17       00331
_SPI_WriteByte                          text20       00388
_SPI_WriteBytes                         text19       00358
_SSP1IF                                 (abs)        0008B
_SSPBUF                                 (abs)        00211
_SSPEN                                  (abs)        010AD
_SSPM0                                  (abs)        010A8
_SSPM1                                  (abs)        010A9
_SSPM2                                  (abs)        010AA
_SSPM3                                  (abs)        010AB
_SSSEL                                  (abs)        008ED
_STATE                                  bssBANK0     00032
_Si4355Cmd                              bssBANK0     00020
_TMR0                                   (abs)        00015
_TMR0IE                                 (abs)        0005D
_TMR0IF                                 (abs)        0005A
_Timer0_ISR                             intentry     00004
__CFG_BOREN$ON                          (abs)        00000
__CFG_BORV$LO                           (abs)        00000
__CFG_CLKOUTEN$OFF                      (abs)        00000
__CFG_CP$OFF                            (abs)        00000
__CFG_CPD$OFF                           (abs)        00000
__CFG_FCMEN$ON                          (abs)        00000
__CFG_FOSC$INTOSC                       (abs)        00000
__CFG_IESO$ON                           (abs)        00000
__CFG_LVP$ON                            (abs)        00000
__CFG_MCLRE$ON                          (abs)        00000
__CFG_PLLEN$ON                          (abs)        00000
__CFG_PWRTE$OFF                         (abs)        00000
__CFG_STVREN$ON                         (abs)        00000
__CFG_WDTE$OFF                          (abs)        00000
__CFG_WRT$OFF                           (abs)        00000
__Habs1                                 abs1         00000
__Hbank0                                bank0        00000
__Hbank1                                bank1        00000
__Hbank10                               bank10       00000
__Hbank11                               bank11       00000
__Hbank12                               bank12       00000
__Hbank13                               bank13       00000
__Hbank14                               bank14       00000
__Hbank15                               bank15       00000
__Hbank16                               bank16       00000
__Hbank17                               bank17       00000
__Hbank18                               bank18       00000
__Hbank19                               bank19       00000
__Hbank2                                bank2        00000
__Hbank20                               bank20       00000
__Hbank21                               bank21       00000
__Hbank22                               bank22       00000
__Hbank23                               bank23       00000
__Hbank24                               bank24       00000
__Hbank25                               bank25       00000
__Hbank26                               bank26       00000
__Hbank27                               bank27       00000
__Hbank28                               bank28       00000
__Hbank29                               bank29       00000
__Hbank3                                bank3        00000
__Hbank30                               bank30       00000
__Hbank31                               bank31       00000
__Hbank4                                bank4        00000
__Hbank5                                bank5        00000
__Hbank6                                bank6        00000
__Hbank7                                bank7        00000
__Hbank8                                bank8        00000
__Hbank9                                bank9        00000
__Hbigram                               bigram       00000
__HbssBANK0                             bssBANK0     00000
__HbssCOMMON                            bssCOMMON    00000
__Hcinit                                cinit        00033
__Hclrtext                              clrtext      00000
__Hcode                                 code         00000
__Hcommon                               common       00000
__Hconfig                               config       08009
__HcstackBANK0                          cstackBANK0  00000
__HcstackCOMMON                         cstackCOMMON 00000
__HdataBANK0                            dataBANK0    00000
__Heeprom_data                          eeprom_data  00000
__Hend_init                             end_init     0001B
__Hfunctab                              functab      00000
__HidataBANK0                           idataBANK0   00000
__Hidloc                                idloc        00000
__Hinit                                 init         00019
__Hinittext                             inittext     00000
__Hintentry                             intentry     00019
__Hmaintext                             maintext     00000
__Hpowerup                              powerup      00000
__Hram                                  ram          00000
__Hreset_vec                            reset_vec    00002
__Hsfr0                                 sfr0         00000
__Hsfr1                                 sfr1         00000
__Hsfr10                                sfr10        00000
__Hsfr11                                sfr11        00000
__Hsfr12                                sfr12        00000
__Hsfr13                                sfr13        00000
__Hsfr14                                sfr14        00000
__Hsfr15                                sfr15        00000
__Hsfr16                                sfr16        00000
__Hsfr17                                sfr17        00000
__Hsfr18                                sfr18        00000
__Hsfr19                                sfr19        00000
__Hsfr2                                 sfr2         00000
__Hsfr20                                sfr20        00000
__Hsfr21                                sfr21        00000
__Hsfr22                                sfr22        00000
__Hsfr23                                sfr23        00000
__Hsfr24                                sfr24        00000
__Hsfr25                                sfr25        00000
__Hsfr26                                sfr26        00000
__Hsfr27                                sfr27        00000
__Hsfr28                                sfr28        00000
__Hsfr29                                sfr29        00000
__Hsfr3                                 sfr3         00000
__Hsfr30                                sfr30        00000
__Hsfr31                                sfr31        00000
__Hsfr4                                 sfr4         00000
__Hsfr5                                 sfr5         00000
__Hsfr6                                 sfr6         00000
__Hsfr7                                 sfr7         00000
__Hsfr8                                 sfr8         00000
__Hsfr9                                 sfr9         00000
__Hspace_0                              (abs)        08009
__Hspace_1                              (abs)        0007D
__Hspace_2                              (abs)        00000
__Hspace_3                              (abs)        00000
__Hstack                                stack        00000
__Hstrings                              strings      00000
__Hstringtext                           stringtext   00000
__Htext                                 text         00000
__Labs1                                 abs1         00000
__Lbank0                                bank0        00000
__Lbank1                                bank1        00000
__Lbank10                               bank10       00000
__Lbank11                               bank11       00000
__Lbank12                               bank12       00000
__Lbank13                               bank13       00000
__Lbank14                               bank14       00000
__Lbank15                               bank15       00000
__Lbank16                               bank16       00000
__Lbank17                               bank17       00000
__Lbank18                               bank18       00000
__Lbank19                               bank19       00000
__Lbank2                                bank2        00000
__Lbank20                               bank20       00000
__Lbank21                               bank21       00000
__Lbank22                               bank22       00000
__Lbank23                               bank23       00000
__Lbank24                               bank24       00000
__Lbank25                               bank25       00000
__Lbank26                               bank26       00000
__Lbank27                               bank27       00000
__Lbank28                               bank28       00000
__Lbank29                               bank29       00000
__Lbank3                                bank3        00000
__Lbank30                               bank30       00000
__Lbank31                               bank31       00000
__Lbank4                                bank4        00000
__Lbank5                                bank5        00000
__Lbank6                                bank6        00000
__Lbank7                                bank7        00000
__Lbank8                                bank8        00000
__Lbank9                                bank9        00000
__Lbigram                               bigram       00000
__LbssBANK0                             bssBANK0     00000
__LbssCOMMON                            bssCOMMON    00000
__Lcinit                                cinit        0001B
__Lclrtext                              clrtext      00000
__Lcode                                 code         00000
__Lcommon                               common       00000
__Lconfig                               config       08007
__LcstackBANK0                          cstackBANK0  00000
__LcstackCOMMON                         cstackCOMMON 00000
__LdataBANK0                            dataBANK0    00000
__Leeprom_data                          eeprom_data  00000
__Lend_init                             end_init     00019
__Lfunctab                              functab      00000
__LidataBANK0                           idataBANK0   00000
__Lidloc                                idloc        00000
__Linit                                 init         00019
__Linittext                             inittext     00000
__Lintentry                             intentry     00004
__Lmaintext                             maintext     00000
__Lpowerup                              powerup      00000
__Lram                                  ram          00000
__Lreset_vec                            reset_vec    00000
__Lsfr0                                 sfr0         00000
__Lsfr1                                 sfr1         00000
__Lsfr10                                sfr10        00000
__Lsfr11                                sfr11        00000
__Lsfr12                                sfr12        00000
__Lsfr13                                sfr13        00000
__Lsfr14                                sfr14        00000
__Lsfr15                                sfr15        00000
__Lsfr16                                sfr16        00000
__Lsfr17                                sfr17        00000
__Lsfr18                                sfr18        00000
__Lsfr19                                sfr19        00000
__Lsfr2                                 sfr2         00000
__Lsfr20                                sfr20        00000
__Lsfr21                                sfr21        00000
__Lsfr22                                sfr22        00000
__Lsfr23                                sfr23        00000
__Lsfr24                                sfr24        00000
__Lsfr25                                sfr25        00000
__Lsfr26                                sfr26        00000
__Lsfr27                                sfr27        00000
__Lsfr28                                sfr28        00000
__Lsfr29                                sfr29        00000
__Lsfr3                                 sfr3         00000
__Lsfr30                                sfr30        00000
__Lsfr31                                sfr31        00000
__Lsfr4                                 sfr4         00000
__Lsfr5                                 sfr5         00000
__Lsfr6                                 sfr6         00000
__Lsfr7                                 sfr7         00000
__Lsfr8                                 sfr8         00000
__Lsfr9                                 sfr9         00000
__Lspace_0                              (abs)        00000
__Lspace_1                              (abs)        00000
__Lspace_2                              (abs)        00000
__Lspace_3                              (abs)        00000
__Lstack                                stack        00000
__Lstrings                              strings      00000
__Lstringtext                           stringtext   00000
__Ltext                                 text         00000
__S0                                    (abs)        08009
__S1                                    (abs)        0007D
__S2                                    (abs)        00000
__S3                                    (abs)        00000
___int_sp                               stack        00000
___latbits                              (abs)        00001
___sp                                   stack        00000
__end_of_Radio_CheckReceived            text9        00331
__end_of_Radio_Configuration_Data_Array stringtext   00145
__end_of_Radio_Init                     text5        0031A
__end_of_Radio_PowerUp                  text7        002AC
__end_of_Radio_StartRX                  text3        00302
__end_of_SPI_Init                       text2        00379
__end_of_SPI_ReadByte                   text18       003A1
__end_of_SPI_ReadBytes                  text17       00345
__end_of_SPI_WriteByte                  text20       00395
__end_of_SPI_WriteBytes                 text19       0036A
__end_of_Timer0_ISR                     intentry     00019
__end_of__initialization                cinit        0002F
__end_of_main                           maintext     00269
__end_of_radio_comm_GetResp             text16       00217
__end_of_radio_comm_PollCTS             text15       003BA
__end_of_radio_comm_ReadData            text11       002CA
__end_of_radio_comm_SendCmd             text14       002E7
__end_of_radio_comm_SendCmdGetResp      text13       00358
__end_of_si4355_configuration_init      text6        0019B
__end_of_si4355_fifo_info               text1        0028C
__end_of_si4355_get_int_status          text12       001DE
__end_of_si4355_read_rx_fifo            text10       00388
__end_of_si4355_reset                   text8        003BB
__end_of_si4355_start_rx                text4        00241
__initialization                        cinit        0001B
__pbssBANK0                             bssBANK0     00020
__pbssCOMMON                            bssCOMMON    0007C
__pcstackBANK0                          cstackBANK0  0004B
__pcstackCOMMON                         cstackCOMMON 00070
__pdataBANK0                            dataBANK0    0005E
__pidataBANK0                           idataBANK0   003A1
__pintentry                             intentry     00004
__pmaintext                             maintext     00241
__pstringtext                           stringtext   00033
__ptext1                                text1        00269
__ptext10                               text10       00379
__ptext11                               text11       002AC
__ptext12                               text12       0019B
__ptext13                               text13       00345
__ptext14                               text14       002CA
__ptext15                               text15       003B5
__ptext16                               text16       001DE
__ptext17                               text17       00331
__ptext18                               text18       00395
__ptext19                               text19       00358
__ptext2                                text2        0036A
__ptext20                               text20       00388
__ptext3                                text3        002E7
__ptext4                                text4        00217
__ptext5                                text5        00302
__ptext6                                text6        00145
__ptext7                                text7        0028C
__ptext8                                text8        003BA
__ptext9                                text9        0031A
__size_of_Radio_CheckReceived           (abs)        00000
__size_of_Radio_Init                    (abs)        00000
__size_of_Radio_PowerUp                 (abs)        00000
__size_of_Radio_StartRX                 (abs)        00000
__size_of_SPI_Init                      (abs)        00000
__size_of_SPI_ReadByte                  (abs)        00000
__size_of_SPI_ReadBytes                 (abs)        00000
__size_of_SPI_WriteByte                 (abs)        00000
__size_of_SPI_WriteBytes                (abs)        00000
__size_of_Timer0_ISR                    (abs)        00000
__size_of_main                          (abs)        00000
__size_of_radio_comm_GetResp            (abs)        00000
__size_of_radio_comm_PollCTS            (abs)        00000
__size_of_radio_comm_ReadData           (abs)        00000
__size_of_radio_comm_SendCmd            (abs)        00000
__size_of_radio_comm_SendCmdGetResp     (abs)        00000
__size_of_si4355_configuration_init     (abs)        00000
__size_of_si4355_fifo_info              (abs)        00000
__size_of_si4355_get_int_status         (abs)        00000
__size_of_si4355_read_rx_fifo           (abs)        00000
__size_of_si4355_reset                  (abs)        00000
__size_of_si4355_start_rx               (abs)        00000
_counter                                bssBANK0     00030
_ctsWentHigh                            bssCOMMON    0007C
_main                                   maintext     00241
_pRadioConfiguration                    dataBANK0    0005E
_radioCmd                               bssBANK0     00034
_radio_comm_GetResp                     text16       001DE
_radio_comm_PollCTS                     text15       003B5
_radio_comm_ReadData                    text11       002AC
_radio_comm_SendCmd                     text14       002CA
_radio_comm_SendCmdGetResp              text13       00345
_si4355_configuration_init              text6        00145
_si4355_fifo_info                       text1        00269
_si4355_get_int_status                  text12       0019B
_si4355_read_rx_fifo                    text10       00379
_si4355_reset                           text8        003BA
_si4355_start_rx                        text4        00217
btemp                                   (abs)        0007E
clear_ram0                              clrtext      003AF
end_of_initialization                   cinit        0002F
init_ram                                inittext     003A9
int$flags                               (abs)        0007E
intlevel0                               functab      00000
intlevel1                               functab      00000
intlevel2                               functab      00000
intlevel3                               functab      00000
intlevel4                               functab      00000
intlevel5                               functab      00000
radio_comm_GetResp@byteCount            cstackCOMMON 00078
radio_comm_GetResp@errCnt               cstackCOMMON 00079
radio_comm_GetResp@pData                cstackCOMMON 00076
radio_comm_ReadData@byteCount           cstackBANK0  0004C
radio_comm_ReadData@cmd                 cstackBANK0  0004E
radio_comm_ReadData@pData               cstackBANK0  0004D
radio_comm_ReadData@pollCts             cstackBANK0  0004B
radio_comm_SendCmd@byteCount            cstackBANK0  0004C
radio_comm_SendCmd@pData                cstackCOMMON 0007B
radio_comm_SendCmdGetResp@cmdByteCount  cstackBANK0  00051
radio_comm_SendCmdGetResp@pCmdData      cstackBANK0  0004D
radio_comm_SendCmdGetResp@pRespData     cstackBANK0  0004F
radio_comm_SendCmdGetResp@respByteCount cstackBANK0  0004E
reset_vec                               reset_vec    00000
si4355_configuration_init@col           cstackBANK0  0005B
si4355_configuration_init@numOfBytes    cstackBANK0  0005C
si4355_configuration_init@pSetPropCmd   cstackBANK0  00058
si4355_fifo_info@FIFO                   cstackBANK0  00055
si4355_get_int_status@CHIP_CLR_PEND     cstackBANK0  00053
si4355_get_int_status@MODEM_CLR_PEND    cstackBANK0  00052
si4355_get_int_status@PH_CLR_PEND       cstackBANK0  00057
si4355_read_rx_fifo@numBytes            cstackBANK0  00052
si4355_read_rx_fifo@pRxData             cstackBANK0  0004F
si4355_start_rx@CHANNEL                 cstackBANK0  00054
si4355_start_rx@CONDITION               cstackBANK0  0004D
si4355_start_rx@NEXT_STATE1             cstackBANK0  00050
si4355_start_rx@NEXT_STATE2             cstackBANK0  00051
si4355_start_rx@NEXT_STATE3             cstackBANK0  00052
si4355_start_rx@RX_LEN                  cstackBANK0  0004E
stackhi                                 (abs)        020EF
stacklo                                 (abs)        02046
start                                   init         00019
start_initialization                    cinit        0001B
wtemp0                                  (abs)        0007E


FUNCTION INFORMATION:

 *************** function _main *****************
 Defined at:
		line 12 in file "C:/Users/Matthew Fonken/Desktop/brx/brx.X/main.c"
 Parameters:    Size  Location     Type
		None
 Auto vars:     Size  Location     Type
		None
 Return value:  Size  Location     Type
                  1    wreg      void 
 Registers used:
		wreg, fsr0l, fsr0h, fsr1l, fsr1h, status,2, status,0, pclath, cstack
 Tracked objects:
		On entry : 
		On exit  : 
		Unchanged: 
 Data sizes:     COMMON   BANK0   BANK1   BANK2
      Params:         0       0       0       0
      Locals:         0       0       0       0
      Temps:          0       1       0       0
      Totals:         0       1       0       0
Total ram usage:        1 bytes
 Hardware stack levels required when called:   10
 This function calls:
		_Radio_CheckReceived
		_Radio_Init
		_Radio_StartRX
		_SPI_Init
		_si4355_fifo_info
 This function is called by:
		Startup code after reset
 This function uses a non-reentrant model


 *************** function _si4355_fifo_info *****************
 Defined at:
		line 200 in file "C:/Users/Matthew Fonken/Desktop/brx/brx.X/si4355.c"
 Parameters:    Size  Location     Type
  FIFO            1    wreg     unsigned char 
 Auto vars:     Size  Location     Type
  FIFO            1   10[BANK0 ] unsigned char 
 Return value:  Size  Location     Type
                  1    wreg      void 
 Registers used:
		wreg, fsr1l, fsr1h, status,2, status,0, pclath, cstack
 Tracked objects:
		On entry : 
		On exit  : 
		Unchanged: 
 Data sizes:     COMMON   BANK0   BANK1   BANK2
      Params:         0       0       0       0
      Locals:         0       1       0       0
      Temps:          0       3       0       0
      Totals:         0       4       0       0
Total ram usage:        4 bytes
 Hardware stack levels used:    1
 Hardware stack levels required when called:    7
 This function calls:
		_radio_comm_SendCmdGetResp
 This function is called by:
		_main
 This function uses a non-reentrant model


 *************** function _SPI_Init *****************
 Defined at:
		line 5 in file "C:/Users/Matthew Fonken/Desktop/brx/brx.X/spi.c"
 Parameters:    Size  Location     Type
		None
 Auto vars:     Size  Location     Type
		None
 Return value:  Size  Location     Type
                  1    wreg      void 
 Registers used:
		None
 Tracked objects:
		On entry : 
		On exit  : 
		Unchanged: 
 Data sizes:     COMMON   BANK0   BANK1   BANK2
      Params:         0       0       0       0
      Locals:         0       0       0       0
      Temps:          0       0       0       0
      Totals:         0       0       0       0
Total ram usage:        0 bytes
 Hardware stack levels used:    1
 Hardware stack levels required when called:    1
 This function calls:
		Nothing
 This function is called by:
		_main
 This function uses a non-reentrant model


 *************** function _Radio_StartRX *****************
 Defined at:
		line 57 in file "C:/Users/Matthew Fonken/Desktop/brx/brx.X/radio.c"
 Parameters:    Size  Location     Type
  channel         1    wreg     unsigned char 
 Auto vars:     Size  Location     Type
  channel         1   15[BANK0 ] unsigned char 
 Return value:  Size  Location     Type
                  1    wreg      void 
 Registers used:
		wreg, fsr1l, fsr1h, status,2, status,0, pclath, cstack
 Tracked objects:
		On entry : 
		On exit  : 
		Unchanged: 
 Data sizes:     COMMON   BANK0   BANK1   BANK2
      Params:         0       0       0       0
      Locals:         0       1       0       0
      Temps:          0       2       0       0
      Totals:         0       3       0       0
Total ram usage:        3 bytes
 Hardware stack levels used:    1
 Hardware stack levels required when called:    8
 This function calls:
		_si4355_get_int_status
		_si4355_start_rx
 This function is called by:
		_main
 This function uses a non-reentrant model


 *************** function _si4355_start_rx *****************
 Defined at:
		line 261 in file "C:/Users/Matthew Fonken/Desktop/brx/brx.X/si4355.c"
 Parameters:    Size  Location     Type
  CHANNEL         1    wreg     unsigned char 
  CONDITION       1    2[BANK0 ] unsigned char 
  RX_LEN          2    3[BANK0 ] unsigned int 
  NEXT_STATE1     1    5[BANK0 ] unsigned char 
  NEXT_STATE2     1    6[BANK0 ] unsigned char 
  NEXT_STATE3     1    7[BANK0 ] unsigned char 
 Auto vars:     Size  Location     Type
  CHANNEL         1    9[BANK0 ] unsigned char 
 Return value:  Size  Location     Type
                  1    wreg      void 
 Registers used:
		wreg, fsr1l, fsr1h, status,2, status,0, pclath, cstack
 Tracked objects:
		On entry : 
		On exit  : 
		Unchanged: 
 Data sizes:     COMMON   BANK0   BANK1   BANK2
      Params:         0       6       0       0
      Locals:         0       1       0       0
      Temps:          0       1       0       0
      Totals:         0       8       0       0
Total ram usage:        8 bytes
 Hardware stack levels used:    1
 Hardware stack levels required when called:    6
 This function calls:
		_radio_comm_SendCmd
 This function is called by:
		_Radio_StartRX
 This function uses a non-reentrant model


 *************** function _Radio_Init *****************
 Defined at:
		line 23 in file "C:/Users/Matthew Fonken/Desktop/brx/brx.X/radio.c"
 Parameters:    Size  Location     Type
		None
 Auto vars:     Size  Location     Type
		None
 Return value:  Size  Location     Type
                  1    wreg      void 
 Registers used:
		wreg, fsr0l, fsr0h, fsr1l, fsr1h, status,2, status,0, pclath, cstack
 Tracked objects:
		On entry : 
		On exit  : 
		Unchanged: 
 Data sizes:     COMMON   BANK0   BANK1   BANK2
      Params:         0       0       0       0
      Locals:         0       0       0       0
      Temps:          0       0       0       0
      Totals:         0       0       0       0
Total ram usage:        0 bytes
 Hardware stack levels used:    1
 Hardware stack levels required when called:    9
 This function calls:
		_Radio_PowerUp
		_si4355_configuration_init
		_si4355_get_int_status
 This function is called by:
		_main
 This function uses a non-reentrant model


 *************** function _si4355_configuration_init *****************
 Defined at:
		line 13 in file "C:/Users/Matthew Fonken/Desktop/brx/brx.X/si4355.c"
 Parameters:    Size  Location     Type
  pSetPropCmd     2   13[BANK0 ] PTR unsigned char 
		 -> Radio_Configuration_Data_Array(274), 
 Auto vars:     Size  Location     Type
  numOfBytes      1   17[BANK0 ] unsigned char 
  col             1   16[BANK0 ] unsigned char 
 Return value:  Size  Location     Type
                  1    wreg      unsigned char 
 Registers used:
		wreg, fsr0l, fsr0h, fsr1l, fsr1h, status,2, status,0, pclath, cstack
 Tracked objects:
		On entry : 
		On exit  : 
		Unchanged: 
 Data sizes:     COMMON   BANK0   BANK1   BANK2
      Params:         0       2       0       0
      Locals:         0       2       0       0
      Temps:          0       1       0       0
      Totals:         0       5       0       0
Total ram usage:        5 bytes
 Hardware stack levels used:    1
 Hardware stack levels required when called:    8
 This function calls:
		_radio_comm_SendCmdGetResp
		_si4355_get_int_status
 This function is called by:
		_Radio_Init
 This function uses a non-reentrant model


 *************** function _Radio_PowerUp *****************
 Defined at:
		line 14 in file "C:/Users/Matthew Fonken/Desktop/brx/brx.X/radio.c"
 Parameters:    Size  Location     Type
		None
 Auto vars:     Size  Location     Type
  wDelay          2    2[BANK0 ] unsigned int 
 Return value:  Size  Location     Type
                  1    wreg      void 
 Registers used:
		wreg, fsr1l, fsr1h, status,2, status,0, pclath, cstack
 Tracked objects:
		On entry : 
		On exit  : 
		Unchanged: 
 Data sizes:     COMMON   BANK0   BANK1   BANK2
      Params:         0       0       0       0
      Locals:         0       2       0       0
      Temps:          0       2       0       0
      Totals:         0       4       0       0
Total ram usage:        4 bytes
 Hardware stack levels used:    1
 Hardware stack levels required when called:    5
 This function calls:
		_radio_comm_PollCTS
		_si4355_reset
 This function is called by:
		_Radio_Init
 This function uses a non-reentrant model


 *************** function _si4355_reset *****************
 Defined at:
		line 59 in file "C:/Users/Matthew Fonken/Desktop/brx/brx.X/si4355.c"
 Parameters:    Size  Location     Type
		None
 Auto vars:     Size  Location     Type
		None
 Return value:  Size  Location     Type
                  1    wreg      void 
 Registers used:
		None
 Tracked objects:
		On entry : 
		On exit  : 
		Unchanged: 
 Data sizes:     COMMON   BANK0   BANK1   BANK2
      Params:         0       0       0       0
      Locals:         0       0       0       0
      Temps:          0       0       0       0
      Totals:         0       0       0       0
Total ram usage:        0 bytes
 Hardware stack levels used:    1
 Hardware stack levels required when called:    1
 This function calls:
		Nothing
 This function is called by:
		_Radio_PowerUp
 This function uses a non-reentrant model


 *************** function _Radio_CheckReceived *****************
 Defined at:
		line 39 in file "C:/Users/Matthew Fonken/Desktop/brx/brx.X/radio.c"
 Parameters:    Size  Location     Type
		None
 Auto vars:     Size  Location     Type
		None
 Return value:  Size  Location     Type
                  1    wreg      unsigned char 
 Registers used:
		wreg, fsr1l, fsr1h, status,2, status,0, pclath, cstack
 Tracked objects:
		On entry : 
		On exit  : 
		Unchanged: 
 Data sizes:     COMMON   BANK0   BANK1   BANK2
      Params:         0       0       0       0
      Locals:         0       0       0       0
      Temps:          0       1       0       0
      Totals:         0       1       0       0
Total ram usage:        1 bytes
 Hardware stack levels used:    1
 Hardware stack levels required when called:    8
 This function calls:
		_si4355_get_int_status
		_si4355_read_rx_fifo
 This function is called by:
		_main
 This function uses a non-reentrant model


 *************** function _si4355_read_rx_fifo *****************
 Defined at:
		line 360 in file "C:/Users/Matthew Fonken/Desktop/brx/brx.X/si4355.c"
 Parameters:    Size  Location     Type
  numBytes        1    wreg     unsigned char 
  pRxData         1    4[BANK0 ] PTR unsigned char 
		 -> RadioPacket(7), 
 Auto vars:     Size  Location     Type
  numBytes        1    7[BANK0 ] unsigned char 
 Return value:  Size  Location     Type
                  1    wreg      void 
 Registers used:
		wreg, fsr1l, fsr1h, status,2, status,0, pclath, cstack
 Tracked objects:
		On entry : 
		On exit  : 
		Unchanged: 
 Data sizes:     COMMON   BANK0   BANK1   BANK2
      Params:         0       1       0       0
      Locals:         0       1       0       0
      Temps:          0       2       0       0
      Totals:         0       4       0       0
Total ram usage:        4 bytes
 Hardware stack levels used:    1
 Hardware stack levels required when called:    6
 This function calls:
		_radio_comm_ReadData
 This function is called by:
		_Radio_CheckReceived
 This function uses a non-reentrant model


 *************** function _radio_comm_ReadData *****************
 Defined at:
		line 70 in file "C:/Users/Matthew Fonken/Desktop/brx/brx.X/comm.c"
 Parameters:    Size  Location     Type
  cmd             1    wreg     unsigned char 
  pollCts         1    0[BANK0 ] unsigned char 
  byteCount       1    1[BANK0 ] unsigned char 
  pData           1    2[BANK0 ] PTR unsigned char 
		 -> radioCmd(16), RadioPacket(7), 
 Auto vars:     Size  Location     Type
  cmd             1    3[BANK0 ] unsigned char 
 Return value:  Size  Location     Type
                  1    wreg      void 
 Registers used:
		wreg, fsr1l, fsr1h, status,2, status,0, pclath, cstack
 Tracked objects:
		On entry : 
		On exit  : 
		Unchanged: 
 Data sizes:     COMMON   BANK0   BANK1   BANK2
      Params:         0       3       0       0
      Locals:         0       1       0       0
      Temps:          1       0       0       0
      Totals:         1       4       0       0
Total ram usage:        5 bytes
 Hardware stack levels used:    1
 Hardware stack levels required when called:    5
 This function calls:
		_SPI_ReadBytes
		_SPI_WriteByte
		_radio_comm_PollCTS
 This function is called by:
		_si4355_read_rx_fifo
		_si4355_frr_a_read
		_si4355_frr_b_read
		_si4355_frr_c_read
		_si4355_frr_d_read
 This function uses a non-reentrant model


 *************** function _si4355_get_int_status *****************
 Defined at:
		line 239 in file "C:/Users/Matthew Fonken/Desktop/brx/brx.X/si4355.c"
 Parameters:    Size  Location     Type
  PH_CLR_PEND     1    wreg     unsigned char 
  MODEM_CLR_PE    1    7[BANK0 ] unsigned char 
  CHIP_CLR_PEN    1    8[BANK0 ] unsigned char 
 Auto vars:     Size  Location     Type
  PH_CLR_PEND     1   12[BANK0 ] unsigned char 
 Return value:  Size  Location     Type
                  1    wreg      void 
 Registers used:
		wreg, fsr1l, fsr1h, status,2, status,0, pclath, cstack
 Tracked objects:
		On entry : 
		On exit  : 
		Unchanged: 
 Data sizes:     COMMON   BANK0   BANK1   BANK2
      Params:         0       2       0       0
      Locals:         0       1       0       0
      Temps:          0       3       0       0
      Totals:         0       6       0       0
Total ram usage:        6 bytes
 Hardware stack levels used:    1
 Hardware stack levels required when called:    7
 This function calls:
		_radio_comm_SendCmdGetResp
 This function is called by:
		_Radio_Init
		_Radio_CheckReceived
		_Radio_StartRX
		_si4355_configuration_init
 This function uses a non-reentrant model


 *************** function _radio_comm_SendCmdGetResp *****************
 Defined at:
		line 64 in file "C:/Users/Matthew Fonken/Desktop/brx/brx.X/comm.c"
 Parameters:    Size  Location     Type
  cmdByteCount    1    wreg     unsigned char 
  pCmdData        1    2[BANK0 ] PTR unsigned char 
		 -> radioCmd(16), 
  respByteCoun    1    3[BANK0 ] unsigned char 
  pRespData       1    4[BANK0 ] PTR unsigned char 
		 -> NULL(0), radioCmd(16), 
 Auto vars:     Size  Location     Type
  cmdByteCount    1    6[BANK0 ] unsigned char 
 Return value:  Size  Location     Type
                  1    wreg      unsigned char 
 Registers used:
		wreg, fsr1l, fsr1h, status,2, status,0, pclath, cstack
 Tracked objects:
		On entry : 
		On exit  : 
		Unchanged: 
 Data sizes:     COMMON   BANK0   BANK1   BANK2
      Params:         0       3       0       0
      Locals:         0       1       0       0
      Temps:          0       1       0       0
      Totals:         0       5       0       0
Total ram usage:        5 bytes
 Hardware stack levels used:    1
 Hardware stack levels required when called:    6
 This function calls:
		_radio_comm_GetResp
		_radio_comm_SendCmd
 This function is called by:
		_si4355_configuration_init
		_si4355_fifo_info
		_si4355_get_int_status
		_si4355_part_info
		_si4355_func_info
		_si4355_get_property
		_si4355_gpio_pin_cfg
		_si4355_request_device_state
 This function uses a non-reentrant model


 *************** function _radio_comm_SendCmd *****************
 Defined at:
		line 47 in file "C:/Users/Matthew Fonken/Desktop/brx/brx.X/comm.c"
 Parameters:    Size  Location     Type
  byteCount       1    wreg     unsigned char 
  pData           1   11[COMMON] PTR unsigned char 
		 -> radioCmd(16), 
 Auto vars:     Size  Location     Type
  byteCount       1    1[BANK0 ] unsigned char 
 Return value:  Size  Location     Type
                  1    wreg      void 
 Registers used:
		wreg, fsr1l, fsr1h, status,2, status,0, pclath, cstack
 Tracked objects:
		On entry : 
		On exit  : 
		Unchanged: 
 Data sizes:     COMMON   BANK0   BANK1   BANK2
      Params:         1       0       0       0
      Locals:         0       1       0       0
      Temps:          0       1       0       0
      Totals:         1       2       0       0
Total ram usage:        3 bytes
 Hardware stack levels used:    1
 Hardware stack levels required when called:    5
 This function calls:
		_SPI_WriteBytes
		_radio_comm_PollCTS
 This function is called by:
		_si4355_start_rx
		_radio_comm_SendCmdGetResp
		_si4355_nop
		_si4355_power_up
		_si4355_set_property
		_si4355_change_state
 This function uses a non-reentrant model


 *************** function _radio_comm_PollCTS *****************
 Defined at:
		line 42 in file "C:/Users/Matthew Fonken/Desktop/brx/brx.X/comm.c"
 Parameters:    Size  Location     Type
		None
 Auto vars:     Size  Location     Type
		None
 Return value:  Size  Location     Type
                  1    wreg      unsigned char 
 Registers used:
		wreg, fsr1l, fsr1h, status,2, status,0, pclath, cstack
 Tracked objects:
		On entry : 
		On exit  : 
		Unchanged: 
 Data sizes:     COMMON   BANK0   BANK1   BANK2
      Params:         0       0       0       0
      Locals:         0       0       0       0
      Temps:          0       0       0       0
      Totals:         0       0       0       0
Total ram usage:        0 bytes
 Hardware stack levels used:    1
 Hardware stack levels required when called:    4
 This function calls:
		_radio_comm_GetResp
 This function is called by:
		_Radio_PowerUp
		_radio_comm_SendCmd
		_radio_comm_ReadData
		_radio_comm_WriteData
 This function uses a non-reentrant model


 *************** function _radio_comm_GetResp *****************
 Defined at:
		line 8 in file "C:/Users/Matthew Fonken/Desktop/brx/brx.X/comm.c"
 Parameters:    Size  Location     Type
  byteCount       1    wreg     unsigned char 
  pData           1    6[COMMON] PTR unsigned char 
		 -> NULL(0), radioCmd(16), 
 Auto vars:     Size  Location     Type
  byteCount       1    8[COMMON] unsigned char 
  errCnt          2    9[COMMON] unsigned int 
 Return value:  Size  Location     Type
                  1    wreg      unsigned char 
 Registers used:
		wreg, fsr1l, fsr1h, status,2, status,0, pclath, cstack
 Tracked objects:
		On entry : 
		On exit  : 
		Unchanged: 
 Data sizes:     COMMON   BANK0   BANK1   BANK2
      Params:         1       0       0       0
      Locals:         3       0       0       0
      Temps:          1       0       0       0
      Totals:         5       0       0       0
Total ram usage:        5 bytes
 Hardware stack levels used:    1
 Hardware stack levels required when called:    3
 This function calls:
		_SPI_ReadByte
		_SPI_ReadBytes
		_SPI_WriteByte
 This function is called by:
		_radio_comm_PollCTS
		_radio_comm_SendCmdGetResp
		_si4355_ezconfig_check
 This function uses a non-reentrant model


 *************** function _SPI_ReadBytes *****************
 Defined at:
		line 44 in file "C:/Users/Matthew Fonken/Desktop/brx/brx.X/spi.c"
 Parameters:    Size  Location     Type
  len             1    wreg     unsigned char 
  data            1    3[COMMON] PTR unsigned char 
		 -> NULL(0), radioCmd(16), RadioPacket(7), 
 Auto vars:     Size  Location     Type
  len             1    5[COMMON] unsigned char 
 Return value:  Size  Location     Type
                  1    wreg      void 
 Registers used:
		wreg, fsr1l, fsr1h, status,2, status,0, pclath, cstack
 Tracked objects:
		On entry : 
		On exit  : 
		Unchanged: 
 Data sizes:     COMMON   BANK0   BANK1   BANK2
      Params:         1       0       0       0
      Locals:         1       0       0       0
      Temps:          1       0       0       0
      Totals:         3       0       0       0
Total ram usage:        3 bytes
 Hardware stack levels used:    1
 Hardware stack levels required when called:    2
 This function calls:
		_SPI_ReadByte
 This function is called by:
		_radio_comm_GetResp
		_radio_comm_ReadData
 This function uses a non-reentrant model


 *************** function _SPI_ReadByte *****************
 Defined at:
		line 52 in file "C:/Users/Matthew Fonken/Desktop/brx/brx.X/spi.c"
 Parameters:    Size  Location     Type
		None
 Auto vars:     Size  Location     Type
  data            1    2[COMMON] unsigned char 
 Return value:  Size  Location     Type
                  1    wreg      unsigned char 
 Registers used:
		wreg, status,2
 Tracked objects:
		On entry : 
		On exit  : 
		Unchanged: 
 Data sizes:     COMMON   BANK0   BANK1   BANK2
      Params:         0       0       0       0
      Locals:         1       0       0       0
      Temps:          1       0       0       0
      Totals:         2       0       0       0
Total ram usage:        2 bytes
 Hardware stack levels used:    1
 Hardware stack levels required when called:    1
 This function calls:
		Nothing
 This function is called by:
		_SPI_ReadBytes
		_radio_comm_GetResp
 This function uses a non-reentrant model


 *************** function _SPI_WriteBytes *****************
 Defined at:
		line 29 in file "C:/Users/Matthew Fonken/Desktop/brx/brx.X/spi.c"
 Parameters:    Size  Location     Type
  len             1    wreg     unsigned char 
  data            1    3[COMMON] PTR unsigned char 
		 -> radioCmd(16), 
 Auto vars:     Size  Location     Type
  len             1    5[COMMON] unsigned char 
 Return value:  Size  Location     Type
                  1    wreg      void 
 Registers used:
		wreg, fsr1l, fsr1h, status,2, status,0, pclath, cstack
 Tracked objects:
		On entry : 
		On exit  : 
		Unchanged: 
 Data sizes:     COMMON   BANK0   BANK1   BANK2
      Params:         1       0       0       0
      Locals:         1       0       0       0
      Temps:          1       0       0       0
      Totals:         3       0       0       0
Total ram usage:        3 bytes
 Hardware stack levels used:    1
 Hardware stack levels required when called:    2
 This function calls:
		_SPI_WriteByte
 This function is called by:
		_radio_comm_SendCmd
		_radio_comm_WriteData
 This function uses a non-reentrant model


 *************** function _SPI_WriteByte *****************
 Defined at:
		line 37 in file "C:/Users/Matthew Fonken/Desktop/brx/brx.X/spi.c"
 Parameters:    Size  Location     Type
  data            1    wreg     unsigned char 
 Auto vars:     Size  Location     Type
  data            1    2[COMMON] unsigned char 
 Return value:  Size  Location     Type
                  1    wreg      void 
 Registers used:
		wreg
 Tracked objects:
		On entry : 
		On exit  : 
		Unchanged: 
 Data sizes:     COMMON   BANK0   BANK1   BANK2
      Params:         0       0       0       0
      Locals:         1       0       0       0
      Temps:          1       0       0       0
      Totals:         2       0       0       0
Total ram usage:        2 bytes
 Hardware stack levels used:    1
 Hardware stack levels required when called:    1
 This function calls:
		Nothing
 This function is called by:
		_SPI_WriteBytes
		_radio_comm_GetResp
		_radio_comm_ReadData
		_si4355_ezconfig_check
		_radio_comm_WriteData
 This function uses a non-reentrant model


 *************** function _Timer0_ISR *****************
 Defined at:
		line 38 in file "C:/Users/Matthew Fonken/Desktop/brx/brx.X/main.c"
 Parameters:    Size  Location     Type
		None
 Auto vars:     Size  Location     Type
		None
 Return value:  Size  Location     Type
                  1    wreg      void 
 Registers used:
		wreg
 Tracked objects:
		On entry : 
		On exit  : 
		Unchanged: 
 Data sizes:     COMMON   BANK0   BANK1   BANK2
      Params:         0       0       0       0
      Locals:         0       0       0       0
      Temps:          1       0       0       0
      Totals:         1       0       0       0
Total ram usage:        1 bytes
 Hardware stack levels used:    1
 This function calls:
		Nothing
 This function is called by:
		Interrupt level 1
 This function uses a non-reentrant model



MODULE INFORMATION

Module		Function		Class		Link	Load	Size
C:/Users/Matthew Fonken/Desktop/brx/brx.X/spi.c
		_SPI_WriteByte 		CODE           	0388	0000	14
		_SPI_Init      		CODE           	036A	0000	16
		_SPI_ReadByte  		CODE           	0395	0000	13
		_SPI_WriteBytes		CODE           	0358	0000	19
		_SPI_ReadBytes 		CODE           	0331	0000	21

C:/Users/Matthew Fonken/Desktop/brx/brx.X/spi.c estimated size: 83

C:/Users/Matthew Fonken/Desktop/brx/brx.X/si4355.c
		_si4355_fifo_info		CODE           	0269	0000	36
		_si4355_read_rx_fifo		CODE           	0379	0000	16
		_si4355_get_int_status		CODE           	019B	0000	68
		_si4355_start_rx		CODE           	0217	0000	43
		_si4355_configuration_init		CODE           	0145	0000	87
		_si4355_reset  		CODE           	03BA	0000	2

C:/Users/Matthew Fonken/Desktop/brx/brx.X/si4355.c estimated size: 252

C:/Users/Matthew Fonken/Desktop/brx/brx.X/radio.c
		_Radio_CheckReceived		CODE           	031A	0000	24
		_Radio_PowerUp 		CODE           	028C	0000	33
		_Radio_StartRX 		CODE           	02E7	0000	28
		_Radio_Init    		CODE           	0302	0000	25

C:/Users/Matthew Fonken/Desktop/brx/brx.X/radio.c estimated size: 110

shared
		__initialization		CODE           	001B	0000	21
		_Radio_Configuration_Data_Array		STRCODE        	0033	0000	275

shared estimated size: 296

C:/Users/Matthew Fonken/Desktop/brx/brx.X/comm.c
		_radio_comm_ReadData		CODE           	02AC	0000	31
		_radio_comm_PollCTS		CODE           	03B5	0000	6
		_radio_comm_SendCmdGetResp		CODE           	0345	0000	20
		_radio_comm_GetResp		CODE           	01DE	0000	58
		_radio_comm_SendCmd		CODE           	02CA	0000	30

C:/Users/Matthew Fonken/Desktop/brx/brx.X/comm.c estimated size: 145

C:/Users/Matthew Fonken/Desktop/brx/brx.X/main.c
		_Timer0_ISR    		CODE           	0004	0000	22
		_main          		CODE           	0241	0000	41

C:/Users/Matthew Fonken/Desktop/brx/brx.X/main.c estimated size: 63

